[36mvite v5.4.21 [32mbuilding for production...[36m[39m
transforming...
[32mG£ô[39m 18 modules transformed.
[31mx[39m Build failed in 754ms
[31merror during build:
[31m[vite:esbuild] Transform failed with 1 error:
C:/Users/achin/Desktop/hydrabyte/src/pages/MainDashboard.jsx:124:47: ERROR: Syntax error "`"[31m
file: [36mC:/Users/achin/Desktop/hydrabyte/src/pages/MainDashboard.jsx:124:47[31m
[33m
[33mSyntax error "`"[33m
122|                          className="h-full bg-brand-blue-500"
123|                          initial={{ width: 0 }}
124|                          whileInView={{ width: \`\${(item.capacity / 4000) * 100}%\` }}
   |                                                 ^
125|                          viewport={{ once: true }}
126|                          transition={{ duration: 1, delay: 0.2 }}
[31m
    at failureErrorWithLog (C:\Users\achin\Desktop\hydrabyte\node_modules\esbuild\lib\main.js:1472:15)
    at C:\Users\achin\Desktop\hydrabyte\node_modules\esbuild\lib\main.js:755:50
    at responseCallbacks.<computed> (C:\Users\achin\Desktop\hydrabyte\node_modules\esbuild\lib\main.js:622:9)
    at handleIncomingPacket (C:\Users\achin\Desktop\hydrabyte\node_modules\esbuild\lib\main.js:677:12)
    at Socket.readFromStdout (C:\Users\achin\Desktop\hydrabyte\node_modules\esbuild\lib\main.js:600:7)
    at Socket.emit (node:events:508:28)
    at addChunk (node:internal/streams/readable:563:12)
    at readableAddChunkPushByteMode (node:internal/streams/readable:514:3)
    at Readable.push (node:internal/streams/readable:394:5)
    at Pipe.onStreamRead (node:internal/stream_base_commons:189:23)[39m
